// Jest Snapshot v1, https://goo.gl/fbAQLP

exports[`<Snapshot /> should take a snapshot 1`] = `
<DocumentFragment>
  <p>
    snapshot1
  </p>
</DocumentFragment>
`;
